
MONSTER@MONSTER MINGW32 ~/Desktop/Coding/xdfgx (master)
$ git init
Initialized empty Git repository in C:/Users/MONSTER/Desktop/Coding/xdfgx/.git/

MONSTER@MONSTER MINGW32 ~/Desktop/Coding/xdfgx (master)
$ git remote add origin https://github.com/practicaltesting000/empty.git

MONSTER@MONSTER MINGW32 ~/Desktop/Coding/xdfgx (master)
$ git push -u origin master
error: src refspec master does not match any
error: failed to push some refs to 'https://github.com/practicaltesting000/empty.git'

MONSTER@MONSTER MINGW32 ~/Desktop/Coding/xdfgx (master)
$ git clone https://github.com/practicaltesting000/empty.git
Cloning into 'empty'...
remote: Enumerating objects: 11, done.
remote: Counting objects: 100% (11/11), done.
remote: Compressing objects: 100% (8/8), done.
remote: Total 11 (delta 2), reused 2 (delta 0), pack-reused 0
Receiving objects: 100% (11/11), done.
Resolving deltas: 100% (2/2), done.

MONSTER@MONSTER MINGW32 ~/Desktop/Coding/xdfgx (master)
$ git status
On branch master

No commits yet

Untracked files:
  (use "git add <file>..." to include in what will be committed)
        empty/

nothing added to commit but untracked files present (use "git add" to track)

MONSTER@MONSTER MINGW32 ~/Desktop/Coding/xdfgx (master)
$ git add .
warning: adding embedded git repository: empty
hint: You've added another git repository inside your current repository.
hint: Clones of the outer repository will not contain the contents of
hint: the embedded repository and will not know how to obtain it.
hint: If you meant to add a submodule, use:
hint:
hint:   git submodule add <url> empty
hint:
hint: If you added this path by mistake, you can remove it from the
hint: index with:
hint:
hint:   git rm --cached empty
hint:
hint: See "git help submodule" for more information.

MONSTER@MONSTER MINGW32 ~/Desktop/Coding/xdfgx (master)
$ git commmit
git: 'commmit' is not a git command. See 'git --help'.

The most similar command is
        commit

MONSTER@MONSTER MINGW32 ~/Desktop/Coding/xdfgx (master)
$ git commit
hint: Waiting for your editor to close the file...
[main 2020-10-31T10:53:09.751Z] update#setState idle
(node:10556) Electron: Loading non-context-aware native module in renderer: '\\?\C:\Users\MONSTER\AppData\Local\Programs\Microsoft VS Code\resources\app\node_modules.asar.unpacked\vscode-sqlite3\build\Release\sqlite.node'. This is deprecated, see https://github.com/electron/electron/issues/18397.
(node:10556) Electron: Loading non-context-aware native module in renderer: '\\?\C:\Users\MONSTER\AppData\Local\Programs\Microsoft VS Code\resources\app\node_modules.asar.unpacked\spdlog\build\Release\spdlog.node'. This is deprecated, see https://github.com/electron/electron/issues/18397.
(node:3176) Electron: Loading non-context-aware native module in renderer: '\\?\C:\Users\MONSTER\AppData\Local\Programs\Microsoft VS Code\resources\app\node_modules.asar.unpacked\spdlog\build\Release\spdlog.node'. This is deprecated, see https://github.com/electron/electron/issues/18397.
[master (root-commit) e10eaa0] 31 days
 1 file changed, 1 insertion(+)
 create mode 160000 empty

MONSTER@MONSTER MINGW32 ~/Desktop/Coding/xdfgx (master)
$ git remote add origin https://github.com/practicaltesting000/empty.git
fatal: remote origin already exists.

MONSTER@MONSTER MINGW32 ~/Desktop/Coding/xdfgx (master)
$ git push -u origin master
info: please complete authentication in your browser...
fatal: Missing 'state' in response.
To https://github.com/practicaltesting000/empty.git
 ! [rejected]        master -> master (fetch first)
error: failed to push some refs to 'https://github.com/practicaltesting000/empty.git'
hint: Updates were rejected because the remote contains work that you do
hint: not have locally. This is usually caused by another repository pushing
hint: to the same ref. You may want to first integrate the remote changes
hint: (e.g., 'git pull ...') before pushing again.
hint: See the 'Note about fast-forwards' in 'git push --help' for details.

MONSTER@MONSTER MINGW32 ~/Desktop/Coding/xdfgx (master)
$ git pull https://github.com/practicaltesting000/empty.git
remote: Enumerating objects: 11, done.
remote: Counting objects: 100% (11/11), done.
remote: Compressing objects: 100% (8/8), done.
remote: Total 11 (delta 2), reused 2 (delta 0), pack-reused 0
Unpacking objects: 100% (11/11), 2.46 KiB | 31.00 KiB/s, done.
From https://github.com/practicaltesting000/empty
 * branch            HEAD       -> FETCH_HEAD
fatal: refusing to merge unrelated histories

MONSTER@MONSTER MINGW32 ~/Desktop/Coding/xdfgx (master)
$ git pull https://github.com/practicaltesting000/empty.git
From https://github.com/practicaltesting000/empty
 * branch            HEAD       -> FETCH_HEAD
fatal: refusing to merge unrelated histories

MONSTER@MONSTER MINGW32 ~/Desktop/Coding/xdfgx (master)
$ git checkout master
Already on 'master'
D       empty

MONSTER@MONSTER MINGW32 ~/Desktop/Coding/xdfgx (master)
$ git merge origin/master --allow-unrelated-histories
merge: origin/master - not something we can merge

MONSTER@MONSTER MINGW32 ~/Desktop/Coding/xdfgx (master)
$ git add -A .

MONSTER@MONSTER MINGW32 ~/Desktop/Coding/xdfgx (master)
$ git commit -m "Upload"
[master 60a6c97] Upload
 1 file changed, 1 deletion(-)
 delete mode 160000 empty

MONSTER@MONSTER MINGW32 ~/Desktop/Coding/xdfgx (master)
$ git push
fatal: The current branch master has no upstream branch.
To push the current branch and set the remote as upstream, use

    git push --set-upstream origin master


MONSTER@MONSTER MINGW32 ~/Desktop/Coding/xdfgx (master)
$  git push --set-upstream origin master
To https://github.com/practicaltesting000/empty.git
 ! [rejected]        master -> master (non-fast-forward)
error: failed to push some refs to 'https://github.com/practicaltesting000/empty.git'
hint: Updates were rejected because the tip of your current branch is behind
hint: its remote counterpart. Integrate the remote changes (e.g.
hint: 'git pull ...') before pushing again.
hint: See the 'Note about fast-forwards' in 'git push --help' for details.

MONSTER@MONSTER MINGW32 ~/Desktop/Coding/xdfgx (master)
$ git pull https://github.com/practicaltesting000/empty.git
From https://github.com/practicaltesting000/empty
 * branch            HEAD       -> FETCH_HEAD
fatal: refusing to merge unrelated histories

MONSTER@MONSTER MINGW32 ~/Desktop/Coding/xdfgx (master)
$ git clone https://github.com/practicaltesting000/empty.git
Cloning into 'empty'...
remote: Enumerating objects: 11, done.
remote: Counting objects: 100% (11/11), done.
remote: Compressing objects: 100% (8/8), done.
remote: Total 11 (delta 2), reused 2 (delta 0), pack-reused 0
Receiving objects: 100% (11/11), done.
Resolving deltas: 100% (2/2), done.

MONSTER@MONSTER MINGW32 ~/Desktop/Coding/xdfgx (master)
$ git pull https://github.com/practicaltesting000/empty.git
From https://github.com/practicaltesting000/empty
 * branch            HEAD       -> FETCH_HEAD
fatal: refusing to merge unrelated histories

MONSTER@MONSTER MINGW32 ~/Desktop/Coding/xdfgx (master)
$ git merge origin/master --allow-unrelated-histories
merge: origin/master - not something we can merge

MONSTER@MONSTER MINGW32 ~/Desktop/Coding/xdfgx (master)
$ git push -u origin master
To https://github.com/practicaltesting000/empty.git
 ! [rejected]        master -> master (non-fast-forward)
error: failed to push some refs to 'https://github.com/practicaltesting000/empty.git'
hint: Updates were rejected because the tip of your current branch is behind
hint: its remote counterpart. Integrate the remote changes (e.g.
hint: 'git pull ...') before pushing again.
hint: See the 'Note about fast-forwards' in 'git push --help' for details.

MONSTER@MONSTER MINGW32 ~/Desktop/Coding/xdfgx (master)
$ git status
On branch master
Untracked files:
  (use "git add <file>..." to include in what will be committed)
        empty/

nothing added to commit but untracked files present (use "git add" to track)

MONSTER@MONSTER MINGW32 ~/Desktop/Coding/xdfgx (master)
$ git add .
warning: adding embedded git repository: empty
hint: You've added another git repository inside your current repository.
hint: Clones of the outer repository will not contain the contents of
hint: the embedded repository and will not know how to obtain it.
hint: If you meant to add a submodule, use:
hint:
hint:   git submodule add <url> empty
hint:
hint: If you added this path by mistake, you can remove it from the
hint: index with:
hint:
hint:   git rm --cached empty
hint:
hint: See "git help submodule" for more information.

MONSTER@MONSTER MINGW32 ~/Desktop/Coding/xdfgx (master)
$ git submodule add https://github.com/practicaltesting000/empty.git  empty
'empty' already exists in the index

MONSTER@MONSTER MINGW32 ~/Desktop/Coding/xdfgx (master)
$ git submodule add https://github.com/practicaltesting000/empty.git
'empty' already exists in the index

MONSTER@MONSTER MINGW32 ~/Desktop/Coding/xdfgx (master)
$ git show --cached
fatal: unrecognized argument: --cached

MONSTER@MONSTER MINGW32 ~/Desktop/Coding/xdfgx (master)
$ git add .

MONSTER@MONSTER MINGW32 ~/Desktop/Coding/xdfgx (master)
$ git status
On branch master
Changes to be committed:
  (use "git restore --staged <file>..." to unstage)
        new file:   empty

Changes not staged for commit:
  (use "git add <file>..." to update what will be committed)
  (use "git restore <file>..." to discard changes in working directory)
  (commit or discard the untracked or modified content in submodules)
        modified:   empty (untracked content)


MONSTER@MONSTER MINGW32 ~/Desktop/Coding/xdfgx (master)
$ git commit
hint: Waiting for your editor to close the file...
[main 2020-10-31T11:06:47.365Z] update#setState idle
(node:11128) Electron: Loading non-context-aware native module in renderer: '\\?\C:\Users\MONSTER\AppData\Local\Programs\Microsoft VS Code\resources\app\node_modules.asar.unpacked\vscode-sqlite3\build\Release\sqlite.node'. This is deprecated, see https://github.com/electron/electron/issues/18397.
(node:11128) Electron: Loading non-context-aware native module in renderer: '\\?\C:\Users\MONSTER\AppData\Local\Programs\Microsoft VS Code\resources\app\node_modules.asar.unpacked\spdlog\build\Release\spdlog.node'. This is deprecated, see https://github.com/electron/electron/issues/18397.
(node:3532) Electron: Loading non-context-aware native module in renderer: '\\?\C:\Users\MONSTER\AppData\Local\Programs\Microsoft VS Code\resources\app\node_modules.asar.unpacked\spdlog\build\Release\spdlog.node'. This is deprecated, see https://github.com/electron/electron/issues/18397.
[master e96dc51] new file 31 days later
 1 file changed, 1 insertion(+)
 create mode 160000 empty

MONSTER@MONSTER MINGW32 ~/Desktop/Coding/xdfgx (master)
$ git remote add origin https://github.com/practicaltesting000/empty.git
fatal: remote origin already exists.

MONSTER@MONSTER MINGW32 ~/Desktop/Coding/xdfgx (master)
$  git push -u origin master
fatal: unable to access 'https://github.com/practicaltesting000/empty.git/': Failed to connect to github.com port 443: Timed out

MONSTER@MONSTER MINGW32 ~/Desktop/Coding/xdfgx (master)
$  git fetch origin master
fatal: unable to access 'https://github.com/practicaltesting000/empty.git/': Could not resolve host: github.com

MONSTER@MONSTER MINGW32 ~/Desktop/Coding/xdfgx (master)
$  git push -u origin master
To https://github.com/practicaltesting000/empty.git
 ! [rejected]        master -> master (non-fast-forward)
error: failed to push some refs to 'https://github.com/practicaltesting000/empty.git'
hint: Updates were rejected because the tip of your current branch is behind
hint: its remote counterpart. Integrate the remote changes (e.g.
hint: 'git pull ...') before pushing again.
hint: See the 'Note about fast-forwards' in 'git push --help' for details.

MONSTER@MONSTER MINGW32 ~/Desktop/Coding/xdfgx (master)
$ git pull origin master
From https://github.com/practicaltesting000/empty
 * branch            master     -> FETCH_HEAD
 * [new branch]      master     -> origin/master
fatal: refusing to merge unrelated histories

MONSTER@MONSTER MINGW32 ~/Desktop/Coding/xdfgx (master)
$ git merge origin/master --allow-unrelated-histories
Merge made by the 'recursive' strategy.
 README.md       | 2 ++
 bug fix 1.16v   | 1 +
 dog love to eat | 1 +
 3 files changed, 4 insertions(+)
 create mode 100644 README.md
 create mode 100644 bug fix 1.16v
 create mode 100644 dog love to eat

MONSTER@MONSTER MINGW32 ~/Desktop/Coding/xdfgx (master)
$  git push -u origin master
Enumerating objects: 8, done.
Counting objects: 100% (8/8), done.
Delta compression using up to 2 threads
Compressing objects: 100% (5/5), done.
Writing objects: 100% (7/7), 720 bytes | 144.00 KiB/s, done.
Total 7 (delta 2), reused 0 (delta 0), pack-reused 0
remote: Resolving deltas: 100% (2/2), completed with 1 local object.
To https://github.com/practicaltesting000/empty.git
   cb7cf28..ca9f70e  master -> master
Branch 'master' set up to track remote branch 'master' from 'origin'.

MONSTER@MONSTER MINGW32 ~/Desktop/Coding/xdfgx (master)
$
